// Jest Snapshot v1, https://goo.gl/fbAQLP

exports[`<Empty /> should render correctly 1`] = `
.c3 {
  display: -webkit-inline-box;
  display: -webkit-inline-flex;
  display: -ms-inline-flexbox;
  display: inline-flex;
  -webkit-align-items: center;
  -webkit-box-align: center;
  -ms-flex-align: center;
  align-items: center;
  -webkit-box-pack: center;
  -webkit-justify-content: center;
  -ms-flex-pack: center;
  justify-content: center;
  background: linear-gradient( 180deg,#B3181C 0%,#EF4549 50% );
  color: #EBFFFD;
  font-family: Poppins,-apple-system,BlinkMacSystemFont,'Segoe UI',Roboto,Oxygen,Ubuntu,Cantarell,'Open Sans','Helvetica Neue',sans-serif;
  border: 0;
  cursor: pointer;
  border-radius: 0.4rem;
  padding: 0.8rem;
  -webkit-text-decoration: none;
  text-decoration: none;
  height: 4rem;
  font-size: 1.4rem;
  padding: 0.8rem 3.2rem;
}

.c3:focus {
  outline: 1px dashed;
}

.c3:hover {
  background: linear-gradient(180deg,#B3281C 0%,#EF5549 50%);
}

.c0 {
  display: -webkit-box;
  display: -webkit-flex;
  display: -ms-flexbox;
  display: flex;
  -webkit-flex-direction: column;
  -ms-flex-direction: column;
  flex-direction: column;
  -webkit-align-items: center;
  -webkit-box-align: center;
  -ms-flex-align: center;
  align-items: center;
  text-align: center;
}

.c0 img {
  object-fit: cover;
}

.c1 {
  color: #ED3237;
  font-size: 2.8rem;
}

.c2 {
  color: #EBFFFD;
  font-size: 1.8rem;
  font-weight: 300;
  margin-bottom: 3.2rem;
}

<body>
  <div>
    <div
      class="c0"
    >
      <img
        alt="A nurse in a couch"
        height="285"
        src="/img/empty.svg"
        width="380"
      />
      <h2
        class="c1"
      >
        A simple title
      </h2>
      <p
        class="c2"
      >
        A simple description
      </p>
      <a
        class="c3"
        href="/"
      >
        <span>
          Go back to home
        </span>
      </a>
    </div>
  </div>
</body>
`;
