// Jest Snapshot v1, https://goo.gl/fbAQLP

exports[`<TextAreaField /> Renders with error 1`] = `
.c4 {
  display: -webkit-box;
  display: -webkit-flex;
  display: -ms-flexbox;
  display: flex;
  -webkit-align-items: center;
  -webkit-box-align: center;
  -ms-flex-align: center;
  align-items: center;
  background: #EAEAEA;
  border-radius: 0.2rem;
  padding: 0 1.6rem;
  border: 0.2rem solid;
  border-color: #EAEAEA;
}

.c4:focus-within {
  box-shadow: 0 0 0.5rem #ED3237;
}

.c5 {
  overflow: hidden;
  width: 100%;
  height: auto;
  resize: none;
  color: #030517;
  font-family: Poppins,-apple-system,BlinkMacSystemFont,'Segoe UI',Roboto,Oxygen,Ubuntu,Cantarell,'Open Sans','Helvetica Neue',sans-serif;
  font-size: 1.6rem;
  padding: 0.8rem 0;
  background: transparent;
  border: 0;
  outline: none;
}

.c5:-webkit-autofill {
  -webkit-box-shadow: 0 0 0 2.4rem #EAEAEA inset;
  -webkit-filter: none;
  filter: none;
}

.c2 {
  font-size: 1.4rem;
  color: #030517;
  cursor: pointer;
}

.c6 {
  color: #EF4549;
  font-size: 1.2rem;
}

.c0 .c3 {
  border-color: #EF4549;
}

.c0 .c1 {
  color: #EF4549;
}

<div
  class="c0"
>
  <label
    class="c1 c2"
  >
    TextAreaField
  </label>
  <div
    class="c3 c4"
  >
    <textarea
      class="c5"
      role="textbox"
    />
  </div>
  <p
    class="c6"
  >
    Error message
  </p>
</div>
`;
