// Jest Snapshot v1, https://goo.gl/fbAQLP

exports[`<PatientInfo /> should render patient informations 1`] = `
.c6 {
  display: -webkit-inline-box;
  display: -webkit-inline-flex;
  display: -ms-inline-flexbox;
  display: inline-flex;
  -webkit-align-items: center;
  -webkit-box-align: center;
  -ms-flex-align: center;
  align-items: center;
  -webkit-box-pack: center;
  -webkit-justify-content: center;
  -ms-flex-pack: center;
  justify-content: center;
  background: linear-gradient( 180deg,#B3181C 0%,#EF4549 50% );
  color: #EBFFFD;
  font-family: Poppins,-apple-system,BlinkMacSystemFont,'Segoe UI',Roboto,Oxygen,Ubuntu,Cantarell,'Open Sans','Helvetica Neue',sans-serif;
  border: 0;
  cursor: pointer;
  border-radius: 0.4rem;
  padding: 0.8rem;
  -webkit-text-decoration: none;
  text-decoration: none;
  height: 5rem;
  font-size: 1.6rem;
  padding: 0.8rem 4.8rem;
}

.c6:focus {
  outline: 1px dashed;
}

.c6:hover {
  background: linear-gradient(180deg,#B3281C 0%,#EF5549 50%);
}

.c6 svg {
  width: 1.5rem;
}

.c6 svg + span {
  margin-left: 0.8rem;
}

.c7 {
  display: inline-block;
  vertical-align: middle;
  overflow: hidden;
}

.c1 {
  color: #030517;
  position: relative;
  margin-bottom: 3.2rem;
  font-size: 2rem;
}

.c1::after {
  position: absolute;
  left: 0;
  bottom: -0.5rem;
  content: '';
  width: 5rem;
  border-bottom: 0.5rem solid #ED3237;
}

.c3 {
  position: absolute;
  top: 1.6rem;
  display: -webkit-box;
  display: -webkit-flex;
  display: -ms-flexbox;
  display: flex;
  -webkit-align-items: center;
  -webkit-box-align: center;
  -ms-flex-align: center;
  align-items: center;
  font-weight: 600;
  color: #EBFFFD;
  z-index: 10;
  background-color: #F98A05;
  font-size: 1.4rem;
  padding: 0 2.4rem;
  height: 3.6rem;
  right: -2rem;
}

.c3::before {
  content: '';
  position: absolute;
  right: 0;
  border-style: solid;
  border-left-width: 0rem;
  border-right-color: transparent;
  border-bottom-color: transparent;
  border-bottom-width: 1rem;
}

.c3::before {
  border-left-color: #955303;
  border-top-color: #955303;
}

.c3::before {
  top: 3.6rem;
  border-top-width: 1rem;
  border-right-width: 2rem;
}

.c0 {
  position: relative;
  background: #EBFFFD;
  padding: 2.4rem;
}

.c0 .c2 {
  right: -1rem;
}

.c0 .c2:before {
  border-right-width: 1rem;
}

.c4 {
  font-size: 1.4rem;
  color: #8F8F8F;
  margin-bottom: 2.4rem;
}

.c5 {
  display: -webkit-box;
  display: -webkit-flex;
  display: -ms-flexbox;
  display: flex;
  -webkit-flex-direction: column;
  -ms-flex-direction: column;
  flex-direction: column;
  -webkit-align-items: center;
  -webkit-box-align: center;
  -ms-flex-align: center;
  align-items: center;
}

.c5 > button {
  width: 100%;
  margin-bottom: 0.8rem;
}

@media (min-width:768px) {
  .c1 {
    font-size: 2.8rem;
  }
}

@media (min-width:768px) {
  .c0 .c2 {
    right: 2.4rem;
    top: 2.4rem;
    font-size: 1.8rem;
  }

  .c0 .c2:before {
    border: none;
  }
}

@media (min-width:768px) {
  .c4 {
    max-width: 77rem;
  }
}

@media (min-width:768px) {
  .c5 {
    -webkit-flex-direction: row-reverse;
    -ms-flex-direction: row-reverse;
    flex-direction: row-reverse;
  }

  .c5 > button {
    width: initial;
    margin-bottom: 0;
  }
}

<div
  class="c0"
>
  <h2
    class="c1"
    color="black"
  >
    Patient Name
  </h2>
  <div
    class="c2 c3"
    color="secondary"
  >
    12/05/2021
  </div>
  <p
    class="c4"
  >
    Patient Address, 32
  </p>
  <p
    class="c4"
  >
    (19) 98877 5566
  </p>
  <p
    class="c4"
  >
    234.456.123-89
  </p>
  <p
    class="c4"
  >
    54.234.456-4
  </p>
  <p
    class="c4"
  >
    12/05/1998
  </p>
  <div
    class="c5"
  >
    <button
      aria-label="Add to attending"
      class="c6"
    >
      <svg
        aria-hidden="true"
        class="c7"
        fill="currentColor"
        focusable="false"
        viewBox="0 0 24 24"
        xmlns="http://www.w3.org/2000/svg"
      >
        <path
          d="M5 22h14c1.103 0 2-.897 2-2V5c0-1.103-.897-2-2-2h-2a1 1 0 00-1-1H8a1 1 0 00-1 1H5c-1.103 0-2 .897-2 2v15c0 1.103.897 2 2 2zM5 5h2v2h10V5h2v15H5V5z"
        />
        <path
          d="M11 13.586l-1.793-1.793-1.414 1.414L11 16.414l5.207-5.207-1.414-1.414z"
        />
      </svg>
      <span>
        Add to attending
      </span>
    </button>
  </div>
</div>
`;
